******************************************************************************
                  TI ARM Linker PC v5.2.5                      
******************************************************************************
>> Linked Wed Jan 17 14:12:05 2018

OUTPUT FILE NAME:   <compdcm_mpu9150.out>
ENTRY POINT SYMBOL: "_c_int00"  address: 00000f0d


MEMORY CONFIGURATION

         name            origin    length      used     unused   attr    fill
----------------------  --------  ---------  --------  --------  ----  --------
  FLASH                 00000000   00040000  00001552  0003eaae  R  X
  SRAM                  20000000   00008000  000005ac  00007a54  RW X


SEGMENT ALLOCATION MAP

run origin  load origin   length   init length attrs members
----------  ----------- ---------- ----------- ----- -------
00000000    00000000    00001558   00001558    r-x
  00000000    00000000    0000026c   0000026c    r-- .intvecs
  0000026c    0000026c    0000121e   0000121e    r-x .text
  0000148c    0000148c    00000090   00000090    r-- .const
  00001520    00001520    00000038   00000038    r-- .cinit
20000000    20000000    000005ac   00000000    rw-
  20000000    20000000    00000400   00000000    rw- .stack
  20000400    20000400    00000198   00000000    rw- .bss
  20000598    20000598    00000014   00000000    rw- .data


SECTION ALLOCATION MAP

 output                                  attributes/
section   page    origin      length       input sections
--------  ----  ----------  ----------   ----------------
.intvecs   0    00000000    0000026c     
                  00000000    0000026c     startup_ccs.obj (.intvecs)

.text      0    0000026c    0000121e     
                  0000026c    000001b8     compdcm_mpu9150.obj (.text:main)
                  00000424    00000194     sensorlib.lib : mpu9150.obj (.text:MPU9150Callback)
                  000005b8    00000132     driverlib.lib : gpio.obj (.text:GPIOPadConfigSet)
                  000006ea    00000002     startup_ccs.obj (.text:FaultISR)
                  000006ec    000000f2     sensorlib.lib : i2cm_drv.obj (.text:I2CMIntHandler)
                  000007de    00000002     startup_ccs.obj (.text:IntDefaultHandler)
                  000007e0    0000009c     sensorlib.lib : mpu9150.obj (.text:MPU9150Write)
                  0000087c    0000009c     rtsv7M4_T_le_v4SPD16_eabi.lib : memcpy_t2.obj (.text)
                  00000918    00000098     sensorlib.lib : i2cm_drv.obj (.text:I2CMStateIdle)
                  000009b0    00000088                   : i2cm_drv.obj (.text:I2CMCommand)
                  00000a38    0000007c                   : mpu9150.obj (.text:MPU9150DataAccelGetFloat)
                  00000ab4    0000007a     rtsv7M4_T_le_v4SPD16_eabi.lib : memset_t2.obj (.text)
                  00000b2e    00000002     compdcm_mpu9150.obj (.text:MPU9150AppErrorHandler)
                  00000b30    0000006c     sensorlib.lib : mpu9150.obj (.text:MPU9150Init)
                  00000b9c    0000006c     rtsv7M4_T_le_v4SPD16_eabi.lib : autoinit.obj (.text)
                  00000c08    0000006a                                   : copy_decompress_rle.obj (.text)
                  00000c72    00000002     startup_ccs.obj (.text:NmiSR)
                  00000c74    00000068     driverlib.lib : interrupt.obj (.text:IntDisable)
                  00000cdc    00000068                   : interrupt.obj (.text:IntEnable)
                  00000d44    00000064                   : interrupt.obj (.text:IntIsEnabled)
                  00000da8    00000060     sensorlib.lib : mpu9150.obj (.text:MPU9150DataRead)
                  00000e08    0000005e                   : i2cm_drv.obj (.text:I2CMStateWritePause)
                  00000e66    00000002     --HOLE-- [fill = 0]
                  00000e68    00000054                   : i2cm_drv.obj (.text:I2CMWrite8)
                  00000ebc    00000050                   : i2cm_drv.obj (.text:I2CMStateWriteFinal)
                  00000f0c    00000050     rtsv7M4_T_le_v4SPD16_eabi.lib : boot.obj (.text)
                  00000f5c    0000004c     driverlib.lib : i2c.obj (.text:I2CMasterInitExpClk)
                  00000fa8    0000004c     rtsv7M4_T_le_v4SPD16_eabi.lib : cpy_tbl.obj (.text)
                  00000ff4    0000004a     sensorlib.lib : i2cm_drv.obj (.text:I2CMStateReadNext)
                  0000103e    00000048                   : i2cm_drv.obj (.text:I2CMStateWriteNext)
                  00001086    00000044                   : i2cm_drv.obj (.text:I2CMStateCallback)
                  000010ca    00000002     --HOLE-- [fill = 0]
                  000010cc    00000044     rtsv7M4_T_le_v4SPD16_eabi.lib : exit.obj (.text)
                  00001110    00000042     sensorlib.lib : i2cm_drv.obj (.text:I2CMStateReadFinal)
                  00001152    00000040                   : i2cm_drv.obj (.text:I2CMWrite8Callback)
                  00001192    0000003e                   : i2cm_drv.obj (.text:I2CMStateReadPause)
                  000011d0    00000034                   : i2cm_drv.obj (.text:I2CMInit)
                  00001204    00000034     compdcm_mpu9150.obj (.text:IntGPIOb)
                  00001238    00000034     driverlib.lib : sysctl.obj (.text:SysCtlPeripheralEnable)
                  0000126c    00000030     compdcm_mpu9150.obj (.text:ConfigureTrigger)
                  0000129c    00000030     sensorlib.lib : i2cm_drv.obj (.text:I2CMTransferResume)
                  000012cc    0000002a     driverlib.lib : gpio.obj (.text:GPIODirModeSet)
                  000012f6    0000002a     sensorlib.lib : i2cm_drv.obj (.text:I2CMStateReadFirst)
                  00001320    00000028     compdcm_mpu9150.obj (.text:MPU9150AppI2CWait)
                  00001348    00000020     sensorlib.lib : i2cm_drv.obj (.text:I2CMStateReadOne)
                  00001368    0000001a                   : i2cm_drv.obj (.text:I2CMStateReadWait)
                  00001382    00000018     driverlib.lib : gpio.obj (.text:GPIOPinTypeGPIOOutput)
                  0000139a    00000002     --HOLE-- [fill = 0]
                  0000139c    00000018     compdcm_mpu9150.obj (.text:MPU9150AppCallback)
                  000013b4    00000018     rtsv7M4_T_le_v4SPD16_eabi.lib : args_main.obj (.text)
                  000013cc    00000014                                   : _lock.obj (.text)
                  000013e0    00000012     driverlib.lib : gpio.obj (.text:GPIOPinTypeI2CSCL)
                  000013f2    0000000e                   : gpio.obj (.text:GPIOIntStatus)
                  00001400    0000000e     rtsv7M4_T_le_v4SPD16_eabi.lib : copy_decompress_none.obj (.text:decompress:none)
                  0000140e    0000000c     driverlib.lib : gpio.obj (.text:GPIOIntEnable)
                  0000141a    00000002     --HOLE-- [fill = 0]
                  0000141c    0000000c                   : interrupt.obj (.text:IntTrigger)
                  00001428    0000000c     compdcm_mpu9150.obj (.text:MPU9150I2CIntHandler)
                  00001434    0000000c     rtsv7M4_T_le_v4SPD16_eabi.lib : copy_zero_init.obj (.text:decompress:ZI)
                  00001440    0000000a     driverlib.lib : i2c.obj (.text:I2CMasterEnable)
                  0000144a    00000008                   : i2c.obj (.text:I2CMasterIntClear)
                  00001452    00000008                   : i2c.obj (.text:I2CMasterIntEnableEx)
                  0000145a    00000008                   : i2c.obj (.text:I2CMasterSlaveAddrSet)
                  00001462    00000006                   : gpio.obj (.text:GPIOIntClear)
                  00001468    00000006                   : gpio.obj (.text:GPIOPinWrite)
                  0000146e    00000006     startup_ccs.obj (.text:ResetISR)
                  00001474    00000006     rtsv7M4_T_le_v4SPD16_eabi.lib : copy_decompress_rle.obj (.text:decompress:rle24)
                  0000147a    00000004     driverlib.lib : i2c.obj (.text:I2CMasterControl)
                  0000147e    00000004                   : i2c.obj (.text:I2CMasterDataGet)
                  00001482    00000004                   : i2c.obj (.text:I2CMasterDataPut)
                  00001486    00000004     rtsv7M4_T_le_v4SPD16_eabi.lib : pre_init.obj (.text)

.const     0    0000148c    00000090     
                  0000148c    00000070     driverlib.lib : interrupt.obj (.const)
                  000014fc    00000020     sensorlib.lib : mpu9150.obj (.const)

.cinit     0    00001520    00000038     
                  00001520    0000000f     (.cinit..data.load) [load image, compression = rle]
                  0000152f    00000001     --HOLE-- [fill = 0]
                  00001530    0000000c     (__TI_handler_table)
                  0000153c    00000004     --HOLE-- [fill = 0]
                  00001540    00000008     (.cinit..bss.load) [load image, compression = zero_init]
                  00001548    00000010     (__TI_cinit_table)

.init_array 
*          0    00000000    00000000     UNINITIALIZED

.stack     0    20000000    00000400     UNINITIALIZED
                  20000000    00000400     --HOLE--

.bss       0    20000400    00000198     UNINITIALIZED
                  20000400    00000124     compdcm_mpu9150.obj (.bss:g_sI2CInst)
                  20000524    0000006c     compdcm_mpu9150.obj (.bss:g_sMPU9150Inst)
                  20000590    00000004     (.common:g_vui8ErrorFlag)
                  20000594    00000004     (.common:g_vui8I2CDoneFlag)

.TI.noinit 
*          0    20000400    00000000     UNINITIALIZED

.data      0    20000598    00000014     UNINITIALIZED
                  20000598    00000008     rtsv7M4_T_le_v4SPD16_eabi.lib : _lock.obj (.data)
                  200005a0    00000008                                   : exit.obj (.data)
                  200005a8    00000004                                   : stkdepth_vars.obj (.data)

.TI.persistent 
*          0    20000598    00000000     UNINITIALIZED


LINKER GENERATED COPY TABLES

__TI_cinit_table @ 00001548 records: 2, size/record: 8, table size: 16
	.data: load addr=00001520, load size=0000000f bytes, run addr=20000598, run size=00000014 bytes, compression=rle
	.bss: load addr=00001540, load size=00000008 bytes, run addr=20000400, run size=00000198 bytes, compression=zero_init


LINKER GENERATED HANDLER TABLE

__TI_handler_table @ 00001530 records: 3, size/record: 4, table size: 12
	index: 0, handler: __TI_decompress_rle24
	index: 1, handler: __TI_decompress_none
	index: 2, handler: __TI_zero_init


GLOBAL SYMBOLS: SORTED ALPHABETICALLY BY Name 

address   name                    
-------   ----                    
000010cd  C$$EXIT                 
0000126d  ConfigureTrigger        
000012cd  GPIODirModeSet          
00001463  GPIOIntClear            
0000140f  GPIOIntEnable           
000013f3  GPIOIntStatus           
000005b9  GPIOPadConfigSet        
00001383  GPIOPinTypeGPIOOutput   
000013e1  GPIOPinTypeI2CSCL       
00001469  GPIOPinWrite            
000009b1  I2CMCommand             
000011d1  I2CMInit                
000006ed  I2CMIntHandler          
0000129d  I2CMTransferResume      
00000e69  I2CMWrite8              
0000147b  I2CMasterControl        
0000147f  I2CMasterDataGet        
00001483  I2CMasterDataPut        
00001441  I2CMasterEnable         
00000f5d  I2CMasterInitExpClk     
0000144b  I2CMasterIntClear       
00001453  I2CMasterIntEnableEx    
0000145b  I2CMasterSlaveAddrSet   
00000c75  IntDisable              
00000cdd  IntEnable               
00001205  IntGPIOb                
00000d45  IntIsEnabled            
0000141d  IntTrigger              
0000139d  MPU9150AppCallback      
00000b2f  MPU9150AppErrorHandler  
00001321  MPU9150AppI2CWait       
00000a39  MPU9150DataAccelGetFloat
00000da9  MPU9150DataRead         
00001429  MPU9150I2CIntHandler    
00000b31  MPU9150Init             
000007e1  MPU9150Write            
0000146f  ResetISR                
UNDEFED   SHT$$INIT_ARRAY$$Base   
UNDEFED   SHT$$INIT_ARRAY$$Limit  
00001239  SysCtlPeripheralEnable  
20000400  __STACK_END             
00000400  __STACK_SIZE            
20000400  __STACK_TOP             
00001548  __TI_CINIT_Base         
00001558  __TI_CINIT_Limit        
00001530  __TI_Handler_Table_Base 
0000153c  __TI_Handler_Table_Limit
00000b9d  __TI_auto_init          
200005a0  __TI_cleanup_ptr        
00001401  __TI_decompress_none    
00001475  __TI_decompress_rle24   
200005a4  __TI_dtors_ptr          
00000000  __TI_static_base__      
00001435  __TI_zero_init          
00000ab5  __aeabi_memclr          
00000ab5  __aeabi_memclr4         
00000ab5  __aeabi_memclr8         
0000087d  __aeabi_memcpy          
0000087d  __aeabi_memcpy4         
0000087d  __aeabi_memcpy8         
00000ab7  __aeabi_memset          
00000ab7  __aeabi_memset4         
00000ab7  __aeabi_memset8         
ffffffff  __binit__               
ffffffff  __c_args__              
20000000  __stack                 
000013b5  _args_main              
00000f0d  _c_int00                
20000598  _lock                   
000013db  _nop                    
000013d3  _register_lock          
000013cd  _register_unlock        
00001487  _system_pre_init        
2000059c  _unlock                 
000010d1  abort                   
ffffffff  binit                   
00000fa9  copy_in                 
000010d9  exit                    
00000000  g_pfnVectors            
20000400  g_sI2CInst              
20000524  g_sMPU9150Inst          
20000590  g_vui8ErrorFlag         
20000594  g_vui8I2CDoneFlag       
0000026d  main                    
200005a8  main_func_sp            
0000087d  memcpy                  
00000abd  memset                  


GLOBAL SYMBOLS: SORTED BY Symbol Address 

address   name                    
-------   ----                    
00000000  __TI_static_base__      
00000000  g_pfnVectors            
0000026d  main                    
00000400  __STACK_SIZE            
000005b9  GPIOPadConfigSet        
000006ed  I2CMIntHandler          
000007e1  MPU9150Write            
0000087d  __aeabi_memcpy          
0000087d  __aeabi_memcpy4         
0000087d  __aeabi_memcpy8         
0000087d  memcpy                  
000009b1  I2CMCommand             
00000a39  MPU9150DataAccelGetFloat
00000ab5  __aeabi_memclr          
00000ab5  __aeabi_memclr4         
00000ab5  __aeabi_memclr8         
00000ab7  __aeabi_memset          
00000ab7  __aeabi_memset4         
00000ab7  __aeabi_memset8         
00000abd  memset                  
00000b2f  MPU9150AppErrorHandler  
00000b31  MPU9150Init             
00000b9d  __TI_auto_init          
00000c75  IntDisable              
00000cdd  IntEnable               
00000d45  IntIsEnabled            
00000da9  MPU9150DataRead         
00000e69  I2CMWrite8              
00000f0d  _c_int00                
00000f5d  I2CMasterInitExpClk     
00000fa9  copy_in                 
000010cd  C$$EXIT                 
000010d1  abort                   
000010d9  exit                    
000011d1  I2CMInit                
00001205  IntGPIOb                
00001239  SysCtlPeripheralEnable  
0000126d  ConfigureTrigger        
0000129d  I2CMTransferResume      
000012cd  GPIODirModeSet          
00001321  MPU9150AppI2CWait       
00001383  GPIOPinTypeGPIOOutput   
0000139d  MPU9150AppCallback      
000013b5  _args_main              
000013cd  _register_unlock        
000013d3  _register_lock          
000013db  _nop                    
000013e1  GPIOPinTypeI2CSCL       
000013f3  GPIOIntStatus           
00001401  __TI_decompress_none    
0000140f  GPIOIntEnable           
0000141d  IntTrigger              
00001429  MPU9150I2CIntHandler    
00001435  __TI_zero_init          
00001441  I2CMasterEnable         
0000144b  I2CMasterIntClear       
00001453  I2CMasterIntEnableEx    
0000145b  I2CMasterSlaveAddrSet   
00001463  GPIOIntClear            
00001469  GPIOPinWrite            
0000146f  ResetISR                
00001475  __TI_decompress_rle24   
0000147b  I2CMasterControl        
0000147f  I2CMasterDataGet        
00001483  I2CMasterDataPut        
00001487  _system_pre_init        
00001530  __TI_Handler_Table_Base 
0000153c  __TI_Handler_Table_Limit
00001548  __TI_CINIT_Base         
00001558  __TI_CINIT_Limit        
20000000  __stack                 
20000400  __STACK_END             
20000400  __STACK_TOP             
20000400  g_sI2CInst              
20000524  g_sMPU9150Inst          
20000590  g_vui8ErrorFlag         
20000594  g_vui8I2CDoneFlag       
20000598  _lock                   
2000059c  _unlock                 
200005a0  __TI_cleanup_ptr        
200005a4  __TI_dtors_ptr          
200005a8  main_func_sp            
ffffffff  __binit__               
ffffffff  __c_args__              
ffffffff  binit                   
UNDEFED   SHT$$INIT_ARRAY$$Base   
UNDEFED   SHT$$INIT_ARRAY$$Limit  

[87 symbols]
