******************************************************************************
                  TI ARM Linker PC v15.12.3                    
******************************************************************************
>> Linked Wed Jan 03 13:18:03 2018

OUTPUT FILE NAME:   <LAB_1.out>
ENTRY POINT SYMBOL: "_c_int00"  address: 00000861


MEMORY CONFIGURATION

         name            origin    length      used     unused   attr    fill
----------------------  --------  ---------  --------  --------  ----  --------
  FLASH                 00000000   00040000  00000c26  0003f3da  R  X
  SRAM                  20000000   00008000  00000218  00007de8  RW X


SEGMENT ALLOCATION MAP

run origin  load origin   length   init length attrs members
----------  ----------- ---------- ----------- ----- -------
00000000    00000000    00000c28   00000c28    r-x
  00000000    00000000    0000026c   0000026c    r-- .intvecs
  0000026c    0000026c    00000896   00000896    r-x .text
  00000b04    00000b04    000000fc   000000fc    r-- .const
  00000c00    00000c00    00000028   00000028    r-- .cinit
20000000    20000000    00000218   00000000    rw-
  20000000    20000000    00000200   00000000    rw- .stack
  20000200    20000200    00000018   00000000    rw- .data


SECTION ALLOCATION MAP

 output                                  attributes/
section   page    origin      length       input sections
--------  ----  ----------  ----------   ----------------
.intvecs   0    00000000    0000026c     
                  00000000    0000026c     tm4c123gh6pm_startup_ccs.obj (.intvecs)

.text      0    0000026c    00000896     
                  0000026c    00000132     driverlib.lib : gpio.obj (.text:GPIOPadConfigSet)
                  0000039e    00000002     rtsv7M4_T_le_v4SPD16_eabi.lib : mpu_init.obj (.text)
                  000003a0    00000110     driverlib.lib : sysctl.obj (.text:SysCtlClockGet)
                  000004b0    000000f4                   : sysctl.obj (.text:SysCtlClockSet)
                  000005a4    000000c8     main.obj (.text)
                  0000066c    0000009c     rtsv7M4_T_le_v4SPD16_eabi.lib : memcpy_t2.obj (.text)
                  00000708    0000007a                                   : memset_t2.obj (.text)
                  00000782    00000002                                   : startup.obj (.text)
                  00000784    00000070                                   : autoinit.obj (.text)
                  000007f4    0000006a                                   : copy_decompress_rle.obj (.text)
                  0000085e    00000002     --HOLE-- [fill = 0]
                  00000860    00000054                                   : boot.obj (.text)
                  000008b4    00000054                                   : exit.obj (.text)
                  00000908    0000004c                                   : cpy_tbl.obj (.text)
                  00000954    00000048     driverlib.lib : gpio.obj (.text:GPIOPinConfigure)
                  0000099c    00000046                   : uart.obj (.text:UARTConfigSetExpClk)
                  000009e2    00000002     --HOLE-- [fill = 0]
                  000009e4    00000034                   : sysctl.obj (.text:SysCtlPeripheralEnable)
                  00000a18    0000002a                   : gpio.obj (.text:GPIODirModeSet)
                  00000a42    00000002     --HOLE-- [fill = 0]
                  00000a44    00000020                   : uart.obj (.text:UARTDisable)
                  00000a64    00000018     rtsv7M4_T_le_v4SPD16_eabi.lib : args_main.obj (.text)
                  00000a7c    00000014     driverlib.lib : uart.obj (.text:UARTEnable)
                  00000a90    00000014     rtsv7M4_T_le_v4SPD16_eabi.lib : _lock.obj (.text)
                  00000aa4    00000012     driverlib.lib : gpio.obj (.text:GPIOPinTypeUART)
                  00000ab6    0000000e                   : uart.obj (.text:UARTCharsAvail)
                  00000ac4    0000000e     rtsv7M4_T_le_v4SPD16_eabi.lib : copy_decompress_none.obj (.text:decompress:none)
                  00000ad2    0000000c     tm4c123gh6pm_startup_ccs.obj (.text)
                  00000ade    0000000a     driverlib.lib : uart.obj (.text:UARTCharGet)
                  00000ae8    0000000a                   : uart.obj (.text:UARTCharPut)
                  00000af2    00000006                   : sysctl.obj (.text:SysCtlDelay)
                  00000af8    00000006     rtsv7M4_T_le_v4SPD16_eabi.lib : copy_decompress_rle.obj (.text:decompress:rle24)
                  00000afe    00000004                                   : pre_init.obj (.text)

.const     0    00000b04    000000fc     
                  00000b04    00000090     driverlib.lib : gpio.obj (.const:g_pui32GPIOBaseAddrs)
                  00000b94    0000006c                   : sysctl.obj (.const:g_pui32Xtals)

.cinit     0    00000c00    00000028     
                  00000c00    00000016     (.cinit..data.load) [load image, compression = rle]
                  00000c16    00000002     --HOLE-- [fill = 0]
                  00000c18    00000008     (__TI_handler_table)
                  00000c20    00000008     (__TI_cinit_table)

.init_array 
*          0    00000000    00000000     UNINITIALIZED

.stack     0    20000000    00000200     UNINITIALIZED
                  20000000    00000200     --HOLE--

.data      0    20000200    00000018     UNINITIALIZED
                  20000200    0000000c     rtsv7M4_T_le_v4SPD16_eabi.lib : exit.obj (.data:$O1$$)
                  2000020c    00000008                                   : _lock.obj (.data:$O1$$)
                  20000214    00000004                                   : stkdepth_vars.obj (.data)

MODULE SUMMARY

       Module                         code   ro data   rw data
       ------                         ----   -------   -------
    .\
       tm4c123gh6pm_startup_ccs.obj   12     620       0      
       main.obj                       200    0         0      
    +--+------------------------------+------+---------+---------+
       Total:                         212    620       0      
                                                              
    ../driverlib.lib
       sysctl.obj                     574    108       0      
       gpio.obj                       438    144       0      
       uart.obj                       156    0         0      
    +--+------------------------------+------+---------+---------+
       Total:                         1168   252       0      
                                                              
    C:\ti\ccsv6\tools\compiler\arm_15.12.3.LTS\lib\rtsv7M4_T_le_v4SPD16_eabi.lib
       memcpy_t2.obj                  156    0         0      
       memset_t2.obj                  122    0         0      
       autoinit.obj                   112    0         0      
       copy_decompress_rle.obj        112    0         0      
       exit.obj                       84     0         12     
       boot.obj                       84     0         0      
       cpy_tbl.obj                    76     0         0      
       _lock.obj                      20     0         8      
       args_main.obj                  24     0         0      
       copy_decompress_none.obj       14     0         0      
       pre_init.obj                   4      0         0      
       stkdepth_vars.obj              0      0         4      
       mpu_init.obj                   2      0         0      
       startup.obj                    2      0         0      
    +--+------------------------------+------+---------+---------+
       Total:                         812    0         24     
                                                              
       Stack:                         0      0         512    
       Linker Generated:              0      38        0      
    +--+------------------------------+------+---------+---------+
       Grand Total:                   2192   910       536    


LINKER GENERATED COPY TABLES

__TI_cinit_table @ 00000c20 records: 1, size/record: 8, table size: 8
	.data: load addr=00000c00, load size=00000016 bytes, run addr=20000200, run size=00000018 bytes, compression=rle


LINKER GENERATED HANDLER TABLE

__TI_handler_table @ 00000c18 records: 2, size/record: 4, table size: 8
	index: 0, handler: __TI_decompress_rle24
	index: 1, handler: __TI_decompress_none


GLOBAL SYMBOLS: SORTED ALPHABETICALLY BY Name 

address   name                           
-------   ----                           
000008b5  C$$EXIT                        
00000a19  GPIODirModeSet                 
0000026d  GPIOPadConfigSet               
00000955  GPIOPinConfigure               
00000aa5  GPIOPinTypeUART                
00000ad3  ResetISR                       
UNDEFED   SHT$$INIT_ARRAY$$Base          
UNDEFED   SHT$$INIT_ARRAY$$Limit         
000003a1  SysCtlClockGet                 
000004b1  SysCtlClockSet                 
00000af3  SysCtlDelay                    
000009e5  SysCtlPeripheralEnable         
00000adf  UARTCharGet                    
00000ae9  UARTCharPut                    
00000ab7  UARTCharsAvail                 
0000099d  UARTConfigSetExpClk            
00000a45  UARTDisable                    
00000a7d  UARTEnable                     
20000200  __STACK_END                    
00000200  __STACK_SIZE                   
20000200  __STACK_TOP                    
00000c20  __TI_CINIT_Base                
00000c28  __TI_CINIT_Limit               
00000c18  __TI_Handler_Table_Base        
00000c20  __TI_Handler_Table_Limit       
00000785  __TI_auto_init                 
20000200  __TI_cleanup_ptr               
00000ac5  __TI_decompress_none           
00000af9  __TI_decompress_rle24          
20000204  __TI_dtors_ptr                 
20000208  __TI_enable_exit_profile_output
ffffffff  __TI_pprof_out_hndl            
ffffffff  __TI_prof_data_size            
ffffffff  __TI_prof_data_start           
00000000  __TI_static_base__             
00000709  __aeabi_memclr                 
00000709  __aeabi_memclr4                
00000709  __aeabi_memclr8                
0000066d  __aeabi_memcpy                 
0000066d  __aeabi_memcpy4                
0000066d  __aeabi_memcpy8                
0000070b  __aeabi_memset                 
0000070b  __aeabi_memset4                
0000070b  __aeabi_memset8                
ffffffff  __binit__                      
ffffffff  __c_args__                     
0000039f  __mpu_init                     
20000000  __stack                        
00000a65  _args_main                     
00000861  _c_int00                       
2000020c  _lock                          
00000a9f  _nop                           
00000a97  _register_lock                 
00000a91  _register_unlock               
00000783  _system_post_cinit             
00000aff  _system_pre_init               
20000210  _unlock                        
000008b9  abort                          
ffffffff  binit                          
00000909  copy_in                        
000008c1  exit                           
00000000  g_pfnVectors                   
000005a5  main                           
20000214  main_func_sp                   
0000066d  memcpy                         
00000711  memset                         


GLOBAL SYMBOLS: SORTED BY Symbol Address 

address   name                           
-------   ----                           
00000000  __TI_static_base__             
00000000  g_pfnVectors                   
00000200  __STACK_SIZE                   
0000026d  GPIOPadConfigSet               
0000039f  __mpu_init                     
000003a1  SysCtlClockGet                 
000004b1  SysCtlClockSet                 
000005a5  main                           
0000066d  __aeabi_memcpy                 
0000066d  __aeabi_memcpy4                
0000066d  __aeabi_memcpy8                
0000066d  memcpy                         
00000709  __aeabi_memclr                 
00000709  __aeabi_memclr4                
00000709  __aeabi_memclr8                
0000070b  __aeabi_memset                 
0000070b  __aeabi_memset4                
0000070b  __aeabi_memset8                
00000711  memset                         
00000783  _system_post_cinit             
00000785  __TI_auto_init                 
00000861  _c_int00                       
000008b5  C$$EXIT                        
000008b9  abort                          
000008c1  exit                           
00000909  copy_in                        
00000955  GPIOPinConfigure               
0000099d  UARTConfigSetExpClk            
000009e5  SysCtlPeripheralEnable         
00000a19  GPIODirModeSet                 
00000a45  UARTDisable                    
00000a65  _args_main                     
00000a7d  UARTEnable                     
00000a91  _register_unlock               
00000a97  _register_lock                 
00000a9f  _nop                           
00000aa5  GPIOPinTypeUART                
00000ab7  UARTCharsAvail                 
00000ac5  __TI_decompress_none           
00000ad3  ResetISR                       
00000adf  UARTCharGet                    
00000ae9  UARTCharPut                    
00000af3  SysCtlDelay                    
00000af9  __TI_decompress_rle24          
00000aff  _system_pre_init               
00000c18  __TI_Handler_Table_Base        
00000c20  __TI_CINIT_Base                
00000c20  __TI_Handler_Table_Limit       
00000c28  __TI_CINIT_Limit               
20000000  __stack                        
20000200  __STACK_END                    
20000200  __STACK_TOP                    
20000200  __TI_cleanup_ptr               
20000204  __TI_dtors_ptr                 
20000208  __TI_enable_exit_profile_output
2000020c  _lock                          
20000210  _unlock                        
20000214  main_func_sp                   
ffffffff  __TI_pprof_out_hndl            
ffffffff  __TI_prof_data_size            
ffffffff  __TI_prof_data_start           
ffffffff  __binit__                      
ffffffff  __c_args__                     
ffffffff  binit                          
UNDEFED   SHT$$INIT_ARRAY$$Base          
UNDEFED   SHT$$INIT_ARRAY$$Limit         

[66 symbols]
